# Nostromo n52
[Device:n52]
vendor=0x050d
product=0x0815

[Map:n52]
#Top row, from left
KEY_TAB: KEY_Q
KEY_Q: KEY_W
KEY_W: KEY_E
KEY_E: KEY_R
KEY_R: KEY_T

#Middle row, from left
KEY_CAPSLOCK: KEY_A
KEY_A: KEY_S
KEY_S: KEY_D
KEY_D: KEY_F
KEY_F: KEY_G

#Bottom row, from left
KEY_LEFTSHIFT: KEY_Z
KEY_Z: KEY_X
KEY_X: KEY_C
KEY_C: KEY_V

#Wheel (acts as mouse wheel)
REL_WHEEL>= KEY_B
# Remap the negative wheel motion to "-"
REL_WHEEL<= KEY_N
BTN_MIDDLE: KEY_M

#D-Pad - "up" is more like forward
#KEY_UP:
#KEY_LEFT:
#KEY_DOWN:
#KEY_RIGHT:

#orange button
KEY_LEFTALT: KEY_H

#button under thumb
#KEY_SPACE:

# For the nostromo n52, we remap key #6 (capslock) to print 'w00t!'.
# NB. "!" is not a basic key, so it's location may depend on keyboard layout.
#KEY_CAPSLOCK=KEY_W, KEY_0, KEY_0, KEY_T, KEY_LEFTSHIFT + KEY_1


# For relative actions (such as wheels) you need to specify the direction of
# motion to match using ">" (positive/up/right) and "<" (negative/down/left)
## Remap the positive wheel motion to "+"
#REL_WHEEL>=KEY_LEFTSHIFT+KEY_EQUAL
## Remap the negative wheel motion to "-"
#REL_WHEEL<=KEY_MINUS


# We can toggle LED status lights by triggering LED_* events
## Light the blue light while key #14 ('c') is pressed
#KEY_C: LED_SCROLLL


## Light the red, green, then blue LEDs with sequential presses of key #15 (space)
#KEY_SPACE: LED_NUML@1 + LED_CAPSL@0 + LED_SCROLLL@0. LED_NUML@0 + LED_CAPSL@1 + LED_SCROLLL@0. LED_NUML@0 + LED_CAPSL@0 + LED_SCROLLL@1. LED_NUML@0 + LED_CAPSL@0 + LED_SCROLLL@0


## Red button causes a lightshow!
#KEY_LEFTALT: LED_NUML@1, 100, LED_NUML@0, LED_CAPSL@1, 100, LED_CAPSL@0, LED_SCROLLL@1, 100, LED_SCROLLL@0, LED_CAPSL@1, 100, LED_CAPSL@0, LED_NUML@1, 100, LED_NUML@0, 100, LED_CAPSL@1, LED_NUML@1, LED_SCROLLL@1, 100, LED_CAPSL@0, LED_NUML@0, LED_SCROLLL@0, 100, LED_CAPSL@1, LED_NUML@1, LED_SCROLLL@1, 100, LED_CAPSL@0, LED_NUML@0, LED_SCROLLL@0, 100


# We can assign mappings for specific LED statii by adding one or more LED_*
# keywords to the end of the section header, each preceded by a plus.
## The n52's #06 key should print 'red' in red-mode
#[Map:n52 + LED_NUML]
#KEY_CAPSLOCK: KEY_R, KEY_E, KEY_D


## Key #12 ('z') should toggle the green LED when already in red mode.
#KEY_Z: LED_CAPSL@1. LED_CAPSL@0


## key #11 should print 'yellow' in red-and-green mode(!)
#[Map:n52 + LED_NUML + LED_CAPSL]
#KEY_LEFTSHIFT: KEY_Y, KEY_E, KEY_L, KEY_L, KEY_O, KEY_W


